digraph snakemake_dag {
    graph[bgcolor=white, margin=0];
    node[shape=box, style=rounded, fontname=sans,                 fontsize=10, penwidth=2];
    edge[penwidth=2, color=grey];
	0[label = "all", color = "0.01 0.6 0.85", style="rounded"];
	1[label = "multiqc_raw_multi", color = "0.05 0.6 0.85", style="rounded"];
	2[label = "fastqc_raw_multi\nsample: test_eCLIP_s1.chr21\nwdir: /home/mek24iv/racoon_devel/racoon_clip/tests/test_dag/expected_output/out_eCLIP", color = "0.02 0.6 0.85", style="rounded"];
	3[label = "fastqc_raw_multi\nsample: test_eCLIP_s2.chr21\nwdir: /home/mek24iv/racoon_devel/racoon_clip/tests/test_dag/expected_output/out_eCLIP", color = "0.02 0.6 0.85", style="rounded"];
	4[label = "multiqc_filt_multi", color = "0.34 0.6 0.85", style="rounded"];
	5[label = "fastqc_filt_multi", color = "0.63 0.6 0.85", style="rounded"];
	6[label = "filter_umi_quality", color = "0.08 0.6 0.85", style="rounded"];
	7[label = "high_quality_umi\nsample: test_eCLIP_s1.chr21", color = "0.66 0.6 0.85", style="rounded"];
	8[label = "fastqc_filt_multi", color = "0.63 0.6 0.85", style="rounded"];
	9[label = "filter_umi_quality", color = "0.08 0.6 0.85", style="rounded"];
	10[label = "high_quality_umi\nsample: test_eCLIP_s2.chr21", color = "0.66 0.6 0.85", style="rounded"];
	11[label = "adapter_trimming_flexbar_single_end", color = "0.20 0.6 0.85", style="rounded"];
	12[label = "write_barcode_file", color = "0.32 0.6 0.85", style="rounded"];
	13[label = "adapter_trimming_flexbar_single_end", color = "0.20 0.6 0.85", style="rounded"];
	14[label = "multiqc", color = "0.14 0.6 0.85", style="rounded"];
	15[label = "fastqc_samples\nwdir: /home/mek24iv/racoon_devel/racoon_clip/tests/test_dag/expected_output/out_eCLIP", color = "0.61 0.6 0.85", style="rounded"];
	16[label = "fastqc_samples\nwdir: /home/mek24iv/racoon_devel/racoon_clip/tests/test_dag/expected_output/out_eCLIP", color = "0.61 0.6 0.85", style="rounded"];
	17[label = "deduplication\nwdir: /home/mek24iv/racoon_devel/racoon_clip/tests/test_dag/expected_output/out_eCLIP", color = "0.44 0.6 0.85", style="rounded"];
	18[label = "align", color = "0.54 0.6 0.85", style="rounded"];
	19[label = "create_STAR_index", color = "0.24 0.6 0.85", style="rounded,dashed"];
	20[label = "bam_index", color = "0.03 0.6 0.85", style="rounded"];
	21[label = "deduplication\nwdir: /home/mek24iv/racoon_devel/racoon_clip/tests/test_dag/expected_output/out_eCLIP", color = "0.44 0.6 0.85", style="rounded"];
	22[label = "align", color = "0.54 0.6 0.85", style="rounded"];
	23[label = "bam_index", color = "0.03 0.6 0.85", style="rounded"];
	24[label = "merge_bam", color = "0.38 0.6 0.85", style="rounded"];
	25[label = "write_group_file\ngroups: all_samples", color = "0.09 0.6 0.85", style="rounded"];
	26[label = "sort_bams", color = "0.18 0.6 0.85", style="rounded"];
	27[label = "sort_bams", color = "0.18 0.6 0.85", style="rounded"];
	28[label = "merge_bw", color = "0.22 0.6 0.85", style="rounded"];
	29[label = "turn_crosslinks_to_bw", color = "0.00 0.6 0.85", style="rounded"];
	30[label = "get_crosslinks\nwdir: /home/mek24iv/racoon_devel/racoon_clip/tests/test_dag/expected_output/out_eCLIP", color = "0.52 0.6 0.85", style="rounded"];
	31[label = "make_genome_index", color = "0.25 0.6 0.85", style="rounded,dashed"];
	32[label = "turn_crosslinks_to_bw", color = "0.00 0.6 0.85", style="rounded"];
	33[label = "get_crosslinks\nwdir: /home/mek24iv/racoon_devel/racoon_clip/tests/test_dag/expected_output/out_eCLIP", color = "0.52 0.6 0.85", style="rounded"];
	34[label = "make_report", color = "0.48 0.6 0.85", style="rounded"];
	35[label = "fastqc_stats", color = "0.28 0.6 0.85", style="rounded"];
	36[label = "multiqc_bam_duprm", color = "0.15 0.6 0.85", style="rounded"];
	37[label = "fastqc_samples_bam_duprm", color = "0.26 0.6 0.85", style="rounded"];
	38[label = "fastqc_samples_bam_duprm", color = "0.26 0.6 0.85", style="rounded"];
	39[label = "multiqc_bam", color = "0.57 0.6 0.85", style="rounded"];
	40[label = "fastqc_samples_bam\nwdir: /home/mek24iv/racoon_devel/racoon_clip/tests/test_dag/expected_output/out_eCLIP", color = "0.11 0.6 0.85", style="rounded"];
	41[label = "fastqc_samples_bam\nwdir: /home/mek24iv/racoon_devel/racoon_clip/tests/test_dag/expected_output/out_eCLIP", color = "0.11 0.6 0.85", style="rounded"];
	1 -> 0
	4 -> 0
	6 -> 0
	9 -> 0
	11 -> 0
	13 -> 0
	14 -> 0
	17 -> 0
	21 -> 0
	24 -> 0
	28 -> 0
	29 -> 0
	32 -> 0
	34 -> 0
	2 -> 1
	3 -> 1
	5 -> 4
	8 -> 4
	6 -> 5
	7 -> 6
	9 -> 8
	10 -> 9
	6 -> 11
	12 -> 11
	9 -> 13
	12 -> 13
	15 -> 14
	16 -> 14
	11 -> 15
	13 -> 16
	18 -> 17
	20 -> 17
	11 -> 18
	19 -> 18
	18 -> 20
	22 -> 21
	23 -> 21
	13 -> 22
	19 -> 22
	22 -> 23
	25 -> 24
	26 -> 24
	27 -> 24
	17 -> 26
	21 -> 27
	25 -> 28
	29 -> 28
	32 -> 28
	30 -> 29
	31 -> 30
	26 -> 30
	20 -> 30
	33 -> 32
	31 -> 33
	27 -> 33
	23 -> 33
	35 -> 34
	1 -> 35
	4 -> 35
	14 -> 35
	36 -> 35
	39 -> 35
	37 -> 36
	38 -> 36
	26 -> 37
	27 -> 38
	40 -> 39
	41 -> 39
	18 -> 40
	22 -> 41
}