                                 Started job on |	Nov 14 08:27:44
                             Started mapping on |	Nov 14 08:27:49
                                    Finished on |	Nov 14 08:27:49
       Mapping speed, Million of reads per hour |	inf

                          Number of input reads |	1100
                      Average input read length |	30
                                    UNIQUE READS:
                   Uniquely mapped reads number |	1099
                        Uniquely mapped reads % |	99.91%
                          Average mapped length |	28.79
                       Number of splices: Total |	148
            Number of splices: Annotated (sjdb) |	0
                       Number of splices: GT/AG |	144
                       Number of splices: GC/AG |	4
                       Number of splices: AT/AC |	0
               Number of splices: Non-canonical |	0
                      Mismatch rate per base, % |	0.92%
                         Deletion rate per base |	0.00%
                        Deletion average length |	0.00
                        Insertion rate per base |	0.00%
                       Insertion average length |	0.00
                             MULTI-MAPPING READS:
        Number of reads mapped to multiple loci |	0
             % of reads mapped to multiple loci |	0.00%
        Number of reads mapped to too many loci |	1
             % of reads mapped to too many loci |	0.09%
                                  UNMAPPED READS:
  Number of reads unmapped: too many mismatches |	0
       % of reads unmapped: too many mismatches |	0.00%
            Number of reads unmapped: too short |	0
                 % of reads unmapped: too short |	0.00%
                Number of reads unmapped: other |	0
                     % of reads unmapped: other |	0.00%
                                  CHIMERIC READS:
                       Number of chimeric reads |	0
                            % of chimeric reads |	0.00%
