                                 Started job on |	Nov 14 08:27:44
                             Started mapping on |	Nov 14 08:27:48
                                    Finished on |	Nov 14 08:27:49
       Mapping speed, Million of reads per hour |	3.96

                          Number of input reads |	1100
                      Average input read length |	29
                                    UNIQUE READS:
                   Uniquely mapped reads number |	1040
                        Uniquely mapped reads % |	94.55%
                          Average mapped length |	29.71
                       Number of splices: Total |	126
            Number of splices: Annotated (sjdb) |	0
                       Number of splices: GT/AG |	83
                       Number of splices: GC/AG |	0
                       Number of splices: AT/AC |	0
               Number of splices: Non-canonical |	43
                      Mismatch rate per base, % |	0.69%
                         Deletion rate per base |	0.00%
                        Deletion average length |	0.00
                        Insertion rate per base |	0.00%
                       Insertion average length |	0.00
                             MULTI-MAPPING READS:
        Number of reads mapped to multiple loci |	0
             % of reads mapped to multiple loci |	0.00%
        Number of reads mapped to too many loci |	59
             % of reads mapped to too many loci |	5.36%
                                  UNMAPPED READS:
  Number of reads unmapped: too many mismatches |	0
       % of reads unmapped: too many mismatches |	0.00%
            Number of reads unmapped: too short |	1
                 % of reads unmapped: too short |	0.09%
                Number of reads unmapped: other |	0
                     % of reads unmapped: other |	0.00%
                                  CHIMERIC READS:
                       Number of chimeric reads |	0
                            % of chimeric reads |	0.00%
