adapter_cycles: 1
adapter_file: example_data/example_iCLIP3/adapter.fa
adapter_trimming: true
barcodeLength: 0
barcodes_fasta: ''
deduplicate: 'True'
demultiplex: 'False'
encode: 'False'
encode_umi_length: 10
experiment_group_file: ''
experiment_groups: ''
experiment_type: iCLIP3
fastqScreen: False
fastqScreen_config: ""
genome_fasta: example_data/example_annotation_human_chr21/test_annotation_chr21.fa
gtf: example_data/example_annotation_human_chr21/test_annotation_chr21.gtf
infiles: example_data/example_iCLIP3/*.fastq 
log: racoon_clip.log
minBaseQuality: 10
min_read_length: 15
mir_genome_fasta: ''
mir_starts_allowed: 1 2 3 4
moreSTARParameters: ''
outFilterMismatchNmax: 999
outFilterMismatchNoverReadLmax: 0.04
outFilterMultimapNmax: 1
outReadsUnmapped: Fastx
outSJfilterReads: Unique
quality_filter_barcodes: true
read_length: 150
samples: ''
seq_format: -Q33
star_index: ''
snakebase: /workspace/racoon_clip/racoon_clip/workflow
total_barcode_len: 0
trim3: 'False'
trim3_len: 3
umi1_len: 0
umi2_len: 0
wdir: tests/expected_output/out_iCLIP3
workflow_type: peaks