                                 Started job on |	Nov 08 14:01:58
                             Started mapping on |	Nov 08 14:02:03
                                    Finished on |	Nov 08 14:02:03
       Mapping speed, Million of reads per hour |	inf

                          Number of input reads |	1100
                      Average input read length |	38
                                    UNIQUE READS:
                   Uniquely mapped reads number |	1056
                        Uniquely mapped reads % |	96.00%
                          Average mapped length |	36.62
                       Number of splices: Total |	93
            Number of splices: Annotated (sjdb) |	0
                       Number of splices: GT/AG |	51
                       Number of splices: GC/AG |	5
                       Number of splices: AT/AC |	0
               Number of splices: Non-canonical |	37
                      Mismatch rate per base, % |	0.52%
                         Deletion rate per base |	0.09%
                        Deletion average length |	1.75
                        Insertion rate per base |	0.01%
                       Insertion average length |	1.67
                             MULTI-MAPPING READS:
        Number of reads mapped to multiple loci |	0
             % of reads mapped to multiple loci |	0.00%
        Number of reads mapped to too many loci |	41
             % of reads mapped to too many loci |	3.73%
                                  UNMAPPED READS:
  Number of reads unmapped: too many mismatches |	3
       % of reads unmapped: too many mismatches |	0.27%
            Number of reads unmapped: too short |	0
                 % of reads unmapped: too short |	0.00%
                Number of reads unmapped: other |	0
                     % of reads unmapped: other |	0.00%
                                  CHIMERIC READS:
                       Number of chimeric reads |	0
                            % of chimeric reads |	0.00%
