                                 Started job on |	Nov 08 14:01:58
                             Started mapping on |	Nov 08 14:02:02
                                    Finished on |	Nov 08 14:02:03
       Mapping speed, Million of reads per hour |	3.96

                          Number of input reads |	1100
                      Average input read length |	38
                                    UNIQUE READS:
                   Uniquely mapped reads number |	1079
                        Uniquely mapped reads % |	98.09%
                          Average mapped length |	37.83
                       Number of splices: Total |	51
            Number of splices: Annotated (sjdb) |	1
                       Number of splices: GT/AG |	13
                       Number of splices: GC/AG |	1
                       Number of splices: AT/AC |	0
               Number of splices: Non-canonical |	37
                      Mismatch rate per base, % |	0.65%
                         Deletion rate per base |	0.12%
                        Deletion average length |	2.08
                        Insertion rate per base |	0.00%
                       Insertion average length |	1.00
                             MULTI-MAPPING READS:
        Number of reads mapped to multiple loci |	0
             % of reads mapped to multiple loci |	0.00%
        Number of reads mapped to too many loci |	20
             % of reads mapped to too many loci |	1.82%
                                  UNMAPPED READS:
  Number of reads unmapped: too many mismatches |	1
       % of reads unmapped: too many mismatches |	0.09%
            Number of reads unmapped: too short |	0
                 % of reads unmapped: too short |	0.00%
                Number of reads unmapped: other |	0
                     % of reads unmapped: other |	0.00%
                                  CHIMERIC READS:
                       Number of chimeric reads |	0
                            % of chimeric reads |	0.00%
